
> local-home-services@1.0.0 dev
> nodemon index.js

[33m[nodemon] 3.1.11[39m
[33m[nodemon] to restart at any time, enter `rs`[39m
[33m[nodemon] watching path(s): *.*[39m
[33m[nodemon] watching extensions: js,mjs,cjs,json[39m
[32m[nodemon] starting `node index.js`[39m
🚀 Server running locally on port 5000 
🌐 http://localhost:5000 
✅ تم الاتصال بقاعدة البيانات MongoDB بنجاح
📊 Database: local_home_services
[32m[nodemon] restarting due to changes...[39m
[32m[nodemon] starting `node index.js`[39m
🚀 Server running locally on port 5000 
🌐 http://localhost:5000 
✅ تم الاتصال بقاعدة البيانات MongoDB بنجاح
📊 Database: local_home_services
[32m[nodemon] restarting due to changes...[39m
[32m[nodemon] starting `node index.js`[39m
🚀 Server running locally on port 5000 
🌐 http://localhost:5000 
✅ تم الاتصال بقاعدة البيانات MongoDB بنجاح
📊 Database: local_home_services
[32m[nodemon] restarting due to changes...[39m
[32m[nodemon] starting `node index.js`[39m
🚀 Server running locally on port 5000 
🌐 http://localhost:5000 
✅ تم الاتصال بقاعدة البيانات MongoDB بنجاح
📊 Database: local_home_services
[32m[nodemon] restarting due to changes...[39m
[32m[nodemon] starting `node index.js`[39m
🚀 Server running locally on port 5000 
🌐 http://localhost:5000 
✅ تم الاتصال بقاعدة البيانات MongoDB بنجاح
📊 Database: local_home_services
[32m[nodemon] restarting due to changes...[39m
[32m[nodemon] starting `node index.js`[39m
🚀 Server running locally on port 5000 
🌐 http://localhost:5000 
✅ تم الاتصال بقاعدة البيانات MongoDB بنجاح
📊 Database: local_home_services
[32m[nodemon] restarting due to changes...[39m
[32m[nodemon] starting `node index.js`[39m
🚀 Server running locally on port 5000 
🌐 http://localhost:5000 
✅ تم الاتصال بقاعدة البيانات MongoDB بنجاح
📊 Database: local_home_services
[32m[nodemon] restarting due to changes...[39m
[32m[nodemon] starting `node index.js`[39m
🚀 Server running locally on port 5000 
🌐 http://localhost:5000 
✅ تم الاتصال بقاعدة البيانات MongoDB بنجاح
📊 Database: local_home_services
[32m[nodemon] restarting due to changes...[39m
[32m[nodemon] starting `node index.js`[39m
🚀 Server running locally on port 5000 
🌐 http://localhost:5000 
✅ تم الاتصال بقاعدة البيانات MongoDB بنجاح
📊 Database: local_home_services
[32m[nodemon] restarting due to changes...[39m
[32m[nodemon] starting `node index.js`[39m
🚀 Server running locally on port 5000 
🌐 http://localhost:5000 
✅ تم الاتصال بقاعدة البيانات MongoDB بنجاح
📊 Database: local_home_services
[32m[nodemon] restarting due to changes...[39m
[32m[nodemon] starting `node index.js`[39m
🚀 Server running locally on port 5000 
🌐 http://localhost:5000 
✅ تم الاتصال بقاعدة البيانات MongoDB بنجاح
📊 Database: local_home_services
[32m[nodemon] restarting due to changes...[39m
[32m[nodemon] starting `node index.js`[39m
🚀 Server running locally on port 5000 
🌐 http://localhost:5000 
✅ تم الاتصال بقاعدة البيانات MongoDB بنجاح
📊 Database: local_home_services
[32m[nodemon] restarting due to changes...[39m
[32m[nodemon] starting `node index.js`[39m
🚀 Server running locally on port 5000 
🌐 http://localhost:5000 
✅ تم الاتصال بقاعدة البيانات MongoDB بنجاح
📊 Database: local_home_services
[32m[nodemon] restarting due to changes...[39m
[32m[nodemon] starting `node index.js`[39m
🚀 Server running locally on port 5000 
🌐 http://localhost:5000 
✅ تم الاتصال بقاعدة البيانات MongoDB بنجاح
📊 Database: local_home_services
