 INFO  Accepting connections at http://localhost:5001
 INFO  Accepting connections at http://0.0.0.0:3000
 HTTP  2/27/2026 8:44:14 PM ::1 GET /
 HTTP  2/27/2026 8:44:14 PM ::1 Returned 304 in 115 ms
 HTTP  2/27/2026 8:44:15 PM ::1 GET /p1.css
 HTTP  2/27/2026 8:44:15 PM ::1 GET /p.css
 HTTP  2/27/2026 8:44:15 PM ::1 Returned 304 in 7 ms
 HTTP  2/27/2026 8:44:15 PM ::1 Returned 304 in 7 ms
 HTTP  2/27/2026 8:44:15 PM ::1 GET /Group%201.png
 HTTP  2/27/2026 8:44:15 PM ::1 GET /Group%2023.png
 HTTP  2/27/2026 8:44:15 PM ::1 GET /img1.png
 HTTP  2/27/2026 8:44:15 PM ::1 GET /Group%202.png
 HTTP  2/27/2026 8:44:15 PM ::1 Returned 304 in 11 ms
 HTTP  2/27/2026 8:44:15 PM ::1 GET /script.js
 HTTP  2/27/2026 8:44:15 PM ::1 Returned 304 in 14 ms
 HTTP  2/27/2026 8:44:15 PM ::1 Returned 304 in 13 ms
 HTTP  2/27/2026 8:44:15 PM ::1 Returned 304 in 18 ms
 HTTP  2/27/2026 8:44:15 PM ::1 GET /Group%2022.png
 HTTP  2/27/2026 8:44:15 PM ::1 Returned 304 in 33 ms
 HTTP  2/27/2026 8:44:15 PM ::1 Returned 304 in 10 ms
 HTTP  2/27/2026 8:44:16 PM ::1 GET /Group%2011.png
 HTTP  2/27/2026 8:44:16 PM ::1 GET /Group%2021.png
 HTTP  2/27/2026 8:44:16 PM ::1 GET /Group%2020.png
 HTTP  2/27/2026 8:44:16 PM ::1 GET /Group%207.png
 HTTP  2/27/2026 8:44:16 PM ::1 GET /Screenshot%202025-12-04%20003314%201.png
 HTTP  2/27/2026 8:44:16 PM ::1 Returned 304 in 10 ms
 HTTP  2/27/2026 8:44:16 PM ::1 GET /Screenshot%202025-12-04%20004330%201.png
 HTTP  2/27/2026 8:44:16 PM ::1 Returned 304 in 12 ms
 HTTP  2/27/2026 8:44:16 PM ::1 Returned 304 in 20 ms
 HTTP  2/27/2026 8:44:16 PM ::1 Returned 304 in 15 ms
 HTTP  2/27/2026 8:44:16 PM ::1 GET /Vector%203.png
 HTTP  2/27/2026 8:44:16 PM ::1 Returned 304 in 15 ms
 HTTP  2/27/2026 8:44:16 PM ::1 GET /Group%2012.png
 HTTP  2/27/2026 8:44:16 PM ::1 Returned 304 in 4 ms
 HTTP  2/27/2026 8:44:16 PM ::1 Returned 304 in 13 ms
 HTTP  2/27/2026 8:44:16 PM ::1 Returned 304 in 7 ms
 HTTP  2/27/2026 8:44:16 PM ::1 GET /Group%2024.png
 HTTP  2/27/2026 8:44:16 PM ::1 GET /Group%2025.png
 HTTP  2/27/2026 8:44:16 PM ::1 GET /Group%2026.png
 HTTP  2/27/2026 8:44:16 PM ::1 Returned 304 in 3 ms
 HTTP  2/27/2026 8:44:16 PM ::1 Returned 304 in 4 ms
 HTTP  2/27/2026 8:44:16 PM ::1 Returned 304 in 4 ms
 HTTP  2/27/2026 8:44:16 PM ::1 GET /favicon.ico
 HTTP  2/27/2026 8:44:16 PM ::1 Returned 404 in 5 ms
 HTTP  2/27/2026 8:44:34 PM ::1 GET /p2
 HTTP  2/27/2026 8:44:34 PM ::1 Returned 404 in 5 ms
 HTTP  2/27/2026 8:44:58 PM ::1 GET /services
 HTTP  2/27/2026 8:44:58 PM ::1 Returned 304 in 8 ms
 HTTP  2/27/2026 8:44:59 PM ::1 GET /p.css
 HTTP  2/27/2026 8:44:59 PM ::1 GET /p1.css
 HTTP  2/27/2026 8:44:59 PM ::1 Returned 304 in 2 ms
 HTTP  2/27/2026 8:44:59 PM ::1 Returned 304 in 2 ms
 HTTP  2/27/2026 8:44:59 PM ::1 GET /style.css
 HTTP  2/27/2026 8:44:59 PM ::1 Returned 304 in 3 ms
 HTTP  2/27/2026 8:44:59 PM ::1 GET /Group%201.png
 HTTP  2/27/2026 8:44:59 PM ::1 GET /Vector%203.png
 HTTP  2/27/2026 8:44:59 PM ::1 Returned 304 in 2 ms
 HTTP  2/27/2026 8:44:59 PM ::1 Returned 304 in 2 ms
 HTTP  2/27/2026 8:44:59 PM ::1 GET /script.js
 HTTP  2/27/2026 8:44:59 PM ::1 GET /Group%2012.png
 HTTP  2/27/2026 8:44:59 PM ::1 GET /Group%2024.png
 HTTP  2/27/2026 8:44:59 PM ::1 GET /Group%2025.png
 HTTP  2/27/2026 8:44:59 PM ::1 GET /Group%2026.png
 HTTP  2/27/2026 8:44:59 PM ::1 Returned 304 in 4 ms
 HTTP  2/27/2026 8:44:59 PM ::1 Returned 304 in 4 ms
 HTTP  2/27/2026 8:44:59 PM ::1 Returned 304 in 4 ms
 HTTP  2/27/2026 8:44:59 PM ::1 Returned 304 in 4 ms
 HTTP  2/27/2026 8:44:59 PM ::1 Returned 304 in 4 ms
 HTTP  2/27/2026 8:44:59 PM ::1 GET /photo_2025-12-19_22-22-19.jpg
 HTTP  2/27/2026 8:44:59 PM ::1 GET /photo_2025-12-19_22-22-15.jpg
 HTTP  2/27/2026 8:44:59 PM ::1 GET /photo_2025-12-19_22-22-04.jpg
 HTTP  2/27/2026 8:44:59 PM ::1 Returned 304 in 4 ms
 HTTP  2/27/2026 8:44:59 PM ::1 Returned 304 in 3 ms
 HTTP  2/27/2026 8:44:59 PM ::1 Returned 304 in 4 ms
 HTTP  2/27/2026 8:52:40 PM ::1 GET /
 HTTP  2/27/2026 8:52:40 PM ::1 Returned 200 in 14 ms
 HTTP  2/27/2026 8:52:41 PM ::1 GET /p.css
 HTTP  2/27/2026 8:52:41 PM ::1 GET /p1.css
 HTTP  2/27/2026 8:52:41 PM ::1 Returned 304 in 2 ms
 HTTP  2/27/2026 8:52:41 PM ::1 Returned 304 in 2 ms
 HTTP  2/27/2026 8:52:41 PM ::1 GET /Group%201.png
 HTTP  2/27/2026 8:52:41 PM ::1 Returned 304 in 2 ms
 HTTP  2/27/2026 8:52:41 PM ::1 GET /img1.png
 HTTP  2/27/2026 8:52:41 PM ::1 GET /Group%202.png
 HTTP  2/27/2026 8:52:41 PM ::1 Returned 304 in 2 ms
 HTTP  2/27/2026 8:52:41 PM ::1 Returned 304 in 1 ms
 HTTP  2/27/2026 8:52:41 PM ::1 GET /Group%2023.png
 HTTP  2/27/2026 8:52:41 PM ::1 Returned 304 in 2 ms
 HTTP  2/27/2026 8:52:41 PM ::1 GET /Group%2022.png
 HTTP  2/27/2026 8:52:41 PM ::1 Returned 304 in 2 ms
 HTTP  2/27/2026 8:52:41 PM ::1 GET /Group%2021.png
 HTTP  2/27/2026 8:52:41 PM ::1 Returned 304 in 2 ms
 HTTP  2/27/2026 8:52:41 PM ::1 GET /script.js
 HTTP  2/27/2026 8:52:41 PM ::1 Returned 200 in 3 ms
 HTTP  2/27/2026 8:52:41 PM ::1 GET /Group%2020.png
 HTTP  2/27/2026 8:52:41 PM ::1 Returned 304 in 1 ms
 HTTP  2/27/2026 8:52:41 PM ::1 GET /Group%2011.png
 HTTP  2/27/2026 8:52:41 PM ::1 Returned 304 in 2 ms
 HTTP  2/27/2026 8:52:41 PM ::1 GET /Group%207.png
 HTTP  2/27/2026 8:52:41 PM ::1 Returned 304 in 3 ms
 HTTP  2/27/2026 8:52:41 PM ::1 GET /Screenshot%202025-12-04%20003314%201.png
 HTTP  2/27/2026 8:52:41 PM ::1 Returned 304 in 3 ms
 HTTP  2/27/2026 8:52:41 PM ::1 GET /Screenshot%202025-12-04%20004330%201.png
 HTTP  2/27/2026 8:52:41 PM ::1 Returned 304 in 3 ms
 HTTP  2/27/2026 8:52:41 PM ::1 GET /Vector%203.png
 HTTP  2/27/2026 8:52:41 PM ::1 Returned 304 in 2 ms
 HTTP  2/27/2026 8:52:41 PM ::1 GET /Group%2012.png
 HTTP  2/27/2026 8:52:41 PM ::1 GET /Group%2024.png
 HTTP  2/27/2026 8:52:41 PM ::1 GET /Group%2025.png
 HTTP  2/27/2026 8:52:41 PM ::1 Returned 304 in 4 ms
 HTTP  2/27/2026 8:52:41 PM ::1 Returned 304 in 3 ms
 HTTP  2/27/2026 8:52:41 PM ::1 Returned 304 in 2 ms
 HTTP  2/27/2026 8:52:41 PM ::1 GET /Group%2026.png
 HTTP  2/27/2026 8:52:41 PM ::1 Returned 304 in 6 ms
 HTTP  2/27/2026 8:52:46 PM ::1 GET /auth
 HTTP  2/27/2026 8:52:46 PM ::1 Returned 304 in 3 ms
 HTTP  2/27/2026 8:52:46 PM ::1 GET /style.css
 HTTP  2/27/2026 8:52:46 PM ::1 GET /photo_2025-12-19_22-23-03.jpg
 HTTP  2/27/2026 8:52:46 PM ::1 GET /script.js
 HTTP  2/27/2026 8:52:46 PM ::1 Returned 304 in 3 ms
 HTTP  2/27/2026 8:52:46 PM ::1 Returned 304 in 3 ms
 HTTP  2/27/2026 8:52:46 PM ::1 Returned 304 in 4 ms
 HTTP  2/27/2026 8:56:33 PM ::1 GET /
 HTTP  2/27/2026 8:56:33 PM ::1 Returned 200 in 9 ms
 HTTP  2/27/2026 8:56:34 PM ::1 GET /p.css
 HTTP  2/27/2026 8:56:34 PM ::1 GET /p1.css
 HTTP  2/27/2026 8:56:34 PM ::1 Returned 304 in 2 ms
 HTTP  2/27/2026 8:56:34 PM ::1 Returned 304 in 2 ms
 HTTP  2/27/2026 8:56:34 PM ::1 GET /Group%201.png
 HTTP  2/27/2026 8:56:34 PM ::1 Returned 304 in 1 ms
 HTTP  2/27/2026 8:56:34 PM ::1 GET /img1.png
 HTTP  2/27/2026 8:56:34 PM ::1 Returned 304 in 3 ms
 HTTP  2/27/2026 8:56:34 PM ::1 GET /Group%202.png
 HTTP  2/27/2026 8:56:34 PM ::1 Returned 304 in 1 ms
 HTTP  2/27/2026 8:56:34 PM ::1 GET /Group%2023.png
 HTTP  2/27/2026 8:56:34 PM ::1 GET /Group%2022.png
 HTTP  2/27/2026 8:56:34 PM ::1 GET /Group%2021.png
 HTTP  2/27/2026 8:56:34 PM ::1 Returned 304 in 2 ms
 HTTP  2/27/2026 8:56:34 PM ::1 Returned 304 in 2 ms
 HTTP  2/27/2026 8:56:34 PM ::1 Returned 304 in 3 ms
 HTTP  2/27/2026 8:56:34 PM ::1 GET /script.js
 HTTP  2/27/2026 8:56:34 PM ::1 Returned 304 in 1 ms
 HTTP  2/27/2026 8:56:34 PM ::1 GET /Group%2020.png
 HTTP  2/27/2026 8:56:34 PM ::1 Returned 304 in 6 ms
 HTTP  2/27/2026 8:56:34 PM ::1 GET /Group%2011.png
 HTTP  2/27/2026 8:56:34 PM ::1 Returned 304 in 1 ms
 HTTP  2/27/2026 8:56:34 PM ::1 GET /Group%207.png
 HTTP  2/27/2026 8:56:34 PM ::1 GET /Screenshot%202025-12-04%20003314%201.png
 HTTP  2/27/2026 8:56:34 PM ::1 Returned 304 in 2 ms
 HTTP  2/27/2026 8:56:34 PM ::1 Returned 304 in 2 ms
 HTTP  2/27/2026 8:56:34 PM ::1 GET /Screenshot%202025-12-04%20004330%201.png
 HTTP  2/27/2026 8:56:34 PM ::1 GET /Vector%203.png
 HTTP  2/27/2026 8:56:34 PM ::1 Returned 304 in 3 ms
 HTTP  2/27/2026 8:56:34 PM ::1 Returned 304 in 4 ms
 HTTP  2/27/2026 8:56:34 PM ::1 GET /Group%2012.png
 HTTP  2/27/2026 8:56:34 PM ::1 Returned 304 in 4 ms
 HTTP  2/27/2026 8:56:34 PM ::1 GET /Group%2024.png
 HTTP  2/27/2026 8:56:34 PM ::1 GET /Group%2025.png
 HTTP  2/27/2026 8:56:34 PM ::1 Returned 304 in 2 ms
 HTTP  2/27/2026 8:56:34 PM ::1 Returned 304 in 3 ms
 HTTP  2/27/2026 8:56:34 PM ::1 GET /Group%2026.png
 HTTP  2/27/2026 8:56:34 PM ::1 Returned 304 in 1 ms
 HTTP  2/27/2026 8:59:45 PM ::1 GET /
 HTTP  2/27/2026 8:59:45 PM ::1 Returned 304 in 11 ms
 HTTP  2/27/2026 8:59:46 PM ::1 GET /p.css
 HTTP  2/27/2026 8:59:46 PM ::1 GET /p1.css
 HTTP  2/27/2026 8:59:46 PM ::1 Returned 304 in 2 ms
 HTTP  2/27/2026 8:59:46 PM ::1 Returned 200 in 5 ms
 HTTP  2/27/2026 8:59:46 PM ::1 GET /Group%201.png
 HTTP  2/27/2026 8:59:46 PM ::1 Returned 304 in 1 ms
 HTTP  2/27/2026 8:59:46 PM ::1 GET /img1.png
 HTTP  2/27/2026 8:59:46 PM ::1 GET /Group%202.png
 HTTP  2/27/2026 8:59:46 PM ::1 GET /Group%2023.png
 HTTP  2/27/2026 8:59:46 PM ::1 Returned 304 in 3 ms
 HTTP  2/27/2026 8:59:46 PM ::1 Returned 304 in 4 ms
 HTTP  2/27/2026 8:59:46 PM ::1 Returned 304 in 4 ms
 HTTP  2/27/2026 8:59:46 PM ::1 GET /Group%2022.png
 HTTP  2/27/2026 8:59:46 PM ::1 Returned 304 in 1 ms
 HTTP  2/27/2026 8:59:46 PM ::1 GET /Group%2021.png
 HTTP  2/27/2026 8:59:46 PM ::1 Returned 304 in 1 ms
 HTTP  2/27/2026 8:59:46 PM ::1 GET /script.js
 HTTP  2/27/2026 8:59:46 PM ::1 Returned 304 in 1 ms
 HTTP  2/27/2026 8:59:46 PM ::1 GET /Group%2020.png
 HTTP  2/27/2026 8:59:46 PM ::1 Returned 304 in 1 ms
 HTTP  2/27/2026 8:59:46 PM ::1 GET /Group%2011.png
 HTTP  2/27/2026 8:59:46 PM ::1 Returned 304 in 1 ms
 HTTP  2/27/2026 8:59:46 PM ::1 GET /Group%207.png
 HTTP  2/27/2026 8:59:46 PM ::1 Returned 304 in 2 ms
 HTTP  2/27/2026 8:59:46 PM ::1 GET /Screenshot%202025-12-04%20003314%201.png
 HTTP  2/27/2026 8:59:46 PM ::1 Returned 304 in 2 ms
 HTTP  2/27/2026 8:59:46 PM ::1 GET /Screenshot%202025-12-04%20004330%201.png
 HTTP  2/27/2026 8:59:46 PM ::1 Returned 304 in 1 ms
 HTTP  2/27/2026 8:59:46 PM ::1 GET /Vector%203.png
 HTTP  2/27/2026 8:59:46 PM ::1 Returned 304 in 1 ms
 HTTP  2/27/2026 8:59:46 PM ::1 GET /Group%2012.png
 HTTP  2/27/2026 8:59:46 PM ::1 Returned 304 in 1 ms
 HTTP  2/27/2026 8:59:46 PM ::1 GET /Group%2024.png
 HTTP  2/27/2026 8:59:46 PM ::1 Returned 304 in 1 ms
 HTTP  2/27/2026 8:59:46 PM ::1 GET /Group%2025.png
 HTTP  2/27/2026 8:59:46 PM ::1 Returned 304 in 5 ms
 HTTP  2/27/2026 8:59:46 PM ::1 GET /Group%2026.png
 HTTP  2/27/2026 8:59:46 PM ::1 Returned 304 in 2 ms
 HTTP  2/27/2026 9:03:30 PM ::1 GET /
 HTTP  2/27/2026 9:03:30 PM ::1 Returned 304 in 8 ms
 HTTP  2/27/2026 9:03:31 PM ::1 GET /p.css
 HTTP  2/27/2026 9:03:31 PM ::1 GET /p1.css
 HTTP  2/27/2026 9:03:31 PM ::1 Returned 304 in 1 ms
 HTTP  2/27/2026 9:03:31 PM ::1 Returned 200 in 7 ms
 HTTP  2/27/2026 9:03:31 PM ::1 GET /Group%201.png
 HTTP  2/27/2026 9:03:31 PM ::1 GET /img1.png
 HTTP  2/27/2026 9:03:31 PM ::1 Returned 304 in 4 ms
 HTTP  2/27/2026 9:03:31 PM ::1 Returned 304 in 4 ms
 HTTP  2/27/2026 9:03:31 PM ::1 GET /Group%202.png
 HTTP  2/27/2026 9:03:31 PM ::1 GET /Group%2023.png
 HTTP  2/27/2026 9:03:31 PM ::1 Returned 304 in 2 ms
 HTTP  2/27/2026 9:03:31 PM ::1 Returned 304 in 2 ms
 HTTP  2/27/2026 9:03:31 PM ::1 GET /Group%2022.png
 HTTP  2/27/2026 9:03:31 PM ::1 Returned 304 in 3 ms
 HTTP  2/27/2026 9:03:31 PM ::1 GET /Group%2021.png
 HTTP  2/27/2026 9:03:31 PM ::1 Returned 304 in 2 ms
 HTTP  2/27/2026 9:03:31 PM ::1 GET /script.js
 HTTP  2/27/2026 9:03:31 PM ::1 Returned 304 in 1 ms
 HTTP  2/27/2026 9:03:31 PM ::1 GET /Group%2020.png
 HTTP  2/27/2026 9:03:31 PM ::1 Returned 304 in 1 ms
 HTTP  2/27/2026 9:03:31 PM ::1 GET /Group%2011.png
 HTTP  2/27/2026 9:03:31 PM ::1 Returned 304 in 3 ms
 HTTP  2/27/2026 9:03:31 PM ::1 GET /Group%207.png
 HTTP  2/27/2026 9:03:31 PM ::1 GET /Screenshot%202025-12-04%20003314%201.png
 HTTP  2/27/2026 9:03:31 PM ::1 Returned 304 in 2 ms
 HTTP  2/27/2026 9:03:31 PM ::1 Returned 304 in 3 ms
 HTTP  2/27/2026 9:03:31 PM ::1 GET /Screenshot%202025-12-04%20004330%201.png
 HTTP  2/27/2026 9:03:31 PM ::1 Returned 304 in 2 ms
 HTTP  2/27/2026 9:03:31 PM ::1 GET /Vector%203.png
 HTTP  2/27/2026 9:03:31 PM ::1 Returned 304 in 1 ms
 HTTP  2/27/2026 9:03:31 PM ::1 GET /Group%2012.png
 HTTP  2/27/2026 9:03:31 PM ::1 Returned 304 in 1 ms
 HTTP  2/27/2026 9:03:31 PM ::1 GET /Group%2024.png
 HTTP  2/27/2026 9:03:31 PM ::1 Returned 304 in 1 ms
 HTTP  2/27/2026 9:03:31 PM ::1 GET /Group%2025.png
 HTTP  2/27/2026 9:03:31 PM ::1 Returned 304 in 2 ms
 HTTP  2/27/2026 9:03:31 PM ::1 GET /Group%2026.png
 HTTP  2/27/2026 9:03:31 PM ::1 Returned 304 in 1 ms
 HTTP  2/27/2026 9:06:17 PM ::1 GET /
 HTTP  2/27/2026 9:06:17 PM ::1 Returned 304 in 3 ms
 HTTP  2/27/2026 9:06:19 PM ::1 GET /p.css
 HTTP  2/27/2026 9:06:19 PM ::1 GET /p1.css
 HTTP  2/27/2026 9:06:19 PM ::1 Returned 304 in 2 ms
 HTTP  2/27/2026 9:06:19 PM ::1 Returned 200 in 5 ms
 HTTP  2/27/2026 9:06:19 PM ::1 GET /Group%201.png
 HTTP  2/27/2026 9:06:19 PM ::1 Returned 304 in 2 ms
 HTTP  2/27/2026 9:06:19 PM ::1 GET /img1.png
 HTTP  2/27/2026 9:06:19 PM ::1 Returned 304 in 1 ms
 HTTP  2/27/2026 9:06:19 PM ::1 GET /Group%202.png
 HTTP  2/27/2026 9:06:19 PM ::1 GET /Group%2023.png
 HTTP  2/27/2026 9:06:19 PM ::1 Returned 304 in 2 ms
 HTTP  2/27/2026 9:06:19 PM ::1 Returned 304 in 3 ms
 HTTP  2/27/2026 9:06:19 PM ::1 GET /Group%2022.png
 HTTP  2/27/2026 9:06:19 PM ::1 GET /Group%2021.png
 HTTP  2/27/2026 9:06:19 PM ::1 Returned 304 in 2 ms
 HTTP  2/27/2026 9:06:19 PM ::1 Returned 304 in 2 ms
 HTTP  2/27/2026 9:06:19 PM ::1 GET /script.js
 HTTP  2/27/2026 9:06:19 PM ::1 Returned 304 in 1 ms
 HTTP  2/27/2026 9:06:19 PM ::1 GET /Group%2020.png
 HTTP  2/27/2026 9:06:19 PM ::1 Returned 304 in 1 ms
 HTTP  2/27/2026 9:06:19 PM ::1 GET /Group%2011.png
 HTTP  2/27/2026 9:06:19 PM ::1 Returned 304 in 3 ms
 HTTP  2/27/2026 9:06:19 PM ::1 GET /Group%207.png
 HTTP  2/27/2026 9:06:19 PM ::1 Returned 304 in 1 ms
 HTTP  2/27/2026 9:06:19 PM ::1 GET /Screenshot%202025-12-04%20003314%201.png
 HTTP  2/27/2026 9:06:19 PM ::1 GET /Screenshot%202025-12-04%20004330%201.png
 HTTP  2/27/2026 9:06:19 PM ::1 Returned 304 in 1 ms
 HTTP  2/27/2026 9:06:19 PM ::1 Returned 304 in 4 ms
 HTTP  2/27/2026 9:06:19 PM ::1 GET /Vector%203.png
 HTTP  2/27/2026 9:06:19 PM ::1 Returned 304 in 2 ms
 HTTP  2/27/2026 9:06:19 PM ::1 GET /Group%2012.png
 HTTP  2/27/2026 9:06:19 PM ::1 Returned 304 in 2 ms
 HTTP  2/27/2026 9:06:19 PM ::1 GET /Group%2024.png
 HTTP  2/27/2026 9:06:19 PM ::1 GET /Group%2025.png
 HTTP  2/27/2026 9:06:19 PM ::1 Returned 304 in 2 ms
 HTTP  2/27/2026 9:06:19 PM ::1 GET /Group%2026.png
 HTTP  2/27/2026 9:06:19 PM ::1 Returned 304 in 4 ms
 HTTP  2/27/2026 9:06:19 PM ::1 Returned 304 in 4 ms
 HTTP  2/27/2026 9:10:50 PM ::1 GET /
 HTTP  2/27/2026 9:10:50 PM ::1 Returned 200 in 10 ms
 HTTP  2/27/2026 9:10:51 PM ::1 GET /p.css
 HTTP  2/27/2026 9:10:51 PM ::1 Returned 200 in 4 ms
 HTTP  2/27/2026 9:10:51 PM ::1 GET /p1.css
 HTTP  2/27/2026 9:10:51 PM ::1 Returned 304 in 3 ms
 HTTP  2/27/2026 9:10:51 PM ::1 GET /Group%201.png
 HTTP  2/27/2026 9:10:51 PM ::1 Returned 304 in 1 ms
 HTTP  2/27/2026 9:10:51 PM ::1 GET /img1.png
 HTTP  2/27/2026 9:10:51 PM ::1 GET /Group%202.png
 HTTP  2/27/2026 9:10:51 PM ::1 Returned 304 in 2 ms
 HTTP  2/27/2026 9:10:51 PM ::1 Returned 304 in 2 ms
 HTTP  2/27/2026 9:10:51 PM ::1 GET /Group%2023.png
 HTTP  2/27/2026 9:10:51 PM ::1 Returned 304 in 1 ms
 HTTP  2/27/2026 9:10:51 PM ::1 GET /Group%2022.png
 HTTP  2/27/2026 9:10:51 PM ::1 Returned 304 in 1 ms
 HTTP  2/27/2026 9:10:51 PM ::1 GET /Group%2021.png
 HTTP  2/27/2026 9:10:51 PM ::1 Returned 304 in 2 ms
 HTTP  2/27/2026 9:10:51 PM ::1 GET /Group%2020.png
 HTTP  2/27/2026 9:10:51 PM ::1 Returned 304 in 1 ms
 HTTP  2/27/2026 9:10:51 PM ::1 GET /Group%2011.png
 HTTP  2/27/2026 9:10:51 PM ::1 Returned 304 in 2 ms
 HTTP  2/27/2026 9:10:51 PM ::1 GET /script.js
 HTTP  2/27/2026 9:10:51 PM ::1 Returned 304 in 1 ms
 HTTP  2/27/2026 9:10:51 PM ::1 GET /Group%207.png
 HTTP  2/27/2026 9:10:51 PM ::1 Returned 304 in 1 ms
 HTTP  2/27/2026 9:10:51 PM ::1 GET /Screenshot%202025-12-04%20003314%201.png
 HTTP  2/27/2026 9:10:51 PM ::1 Returned 304 in 1 ms
 HTTP  2/27/2026 9:10:51 PM ::1 GET /Screenshot%202025-12-04%20004330%201.png
 HTTP  2/27/2026 9:10:51 PM ::1 Returned 304 in 1 ms
 HTTP  2/27/2026 9:10:51 PM ::1 GET /Vector%203.png
 HTTP  2/27/2026 9:10:51 PM ::1 Returned 304 in 1 ms
 HTTP  2/27/2026 9:10:51 PM ::1 GET /Group%2012.png
 HTTP  2/27/2026 9:10:51 PM ::1 Returned 304 in 3 ms
 HTTP  2/27/2026 9:10:51 PM ::1 GET /Group%2024.png
 HTTP  2/27/2026 9:10:51 PM ::1 Returned 304 in 1 ms
 HTTP  2/27/2026 9:10:51 PM ::1 GET /Group%2025.png
 HTTP  2/27/2026 9:10:51 PM ::1 GET /Group%2026.png
 HTTP  2/27/2026 9:10:51 PM ::1 Returned 304 in 2 ms
 HTTP  2/27/2026 9:10:51 PM ::1 Returned 304 in 2 ms
 HTTP  2/27/2026 9:11:02 PM ::1 GET /auth
 HTTP  2/27/2026 9:11:02 PM ::1 Returned 304 in 5 ms
 HTTP  2/27/2026 9:11:03 PM ::1 GET /style.css
 HTTP  2/27/2026 9:11:03 PM ::1 Returned 304 in 2 ms
 HTTP  2/27/2026 9:11:03 PM ::1 GET /photo_2025-12-19_22-23-03.jpg
 HTTP  2/27/2026 9:11:03 PM ::1 GET /script.js
 HTTP  2/27/2026 9:11:03 PM ::1 Returned 304 in 1 ms
 HTTP  2/27/2026 9:11:03 PM ::1 Returned 304 in 2 ms
 HTTP  2/27/2026 9:11:15 PM ::1 GET /container-all%20color1
 HTTP  2/27/2026 9:11:15 PM ::1 Returned 404 in 2 ms
 HTTP  2/27/2026 9:11:30 PM ::1 GET /container-all%20color1
 HTTP  2/27/2026 9:11:30 PM ::1 Returned 404 in 10 ms
 HTTP  2/27/2026 9:15:55 PM ::1 GET /
 HTTP  2/27/2026 9:15:55 PM ::1 Returned 200 in 18 ms
 HTTP  2/27/2026 9:15:56 PM ::1 GET /p.css
 HTTP  2/27/2026 9:15:56 PM ::1 Returned 304 in 2 ms
 HTTP  2/27/2026 9:15:56 PM ::1 GET /p1.css
 HTTP  2/27/2026 9:15:56 PM ::1 Returned 304 in 1 ms
 HTTP  2/27/2026 9:15:56 PM ::1 GET /Group%201.png
 HTTP  2/27/2026 9:15:56 PM ::1 Returned 304 in 1 ms
 HTTP  2/27/2026 9:15:56 PM ::1 GET /img1.png
 HTTP  2/27/2026 9:15:56 PM ::1 Returned 304 in 2 ms
 HTTP  2/27/2026 9:15:56 PM ::1 GET /Group%202.png
 HTTP  2/27/2026 9:15:56 PM ::1 Returned 304 in 1 ms
 HTTP  2/27/2026 9:15:56 PM ::1 GET /Group%2023.png
 HTTP  2/27/2026 9:15:56 PM ::1 Returned 304 in 1 ms
 HTTP  2/27/2026 9:15:56 PM ::1 GET /Group%2022.png
 HTTP  2/27/2026 9:15:56 PM ::1 GET /Group%2021.png
 HTTP  2/27/2026 9:15:56 PM ::1 GET /script.js
 HTTP  2/27/2026 9:15:56 PM ::1 Returned 304 in 3 ms
 HTTP  2/27/2026 9:15:56 PM ::1 Returned 304 in 3 ms
 HTTP  2/27/2026 9:15:56 PM ::1 Returned 304 in 4 ms
 HTTP  2/27/2026 9:15:56 PM ::1 GET /Group%2020.png
 HTTP  2/27/2026 9:15:56 PM ::1 Returned 304 in 3 ms
 HTTP  2/27/2026 9:15:56 PM ::1 GET /Group%2011.png
 HTTP  2/27/2026 9:15:56 PM ::1 Returned 304 in 1 ms
 HTTP  2/27/2026 9:15:56 PM ::1 GET /Group%207.png
 HTTP  2/27/2026 9:15:56 PM ::1 Returned 304 in 2 ms
 HTTP  2/27/2026 9:15:56 PM ::1 GET /Screenshot%202025-12-04%20003314%201.png
 HTTP  2/27/2026 9:15:56 PM ::1 GET /Screenshot%202025-12-04%20004330%201.png
 HTTP  2/27/2026 9:15:56 PM ::1 Returned 304 in 4 ms
 HTTP  2/27/2026 9:15:56 PM ::1 Returned 304 in 2 ms
 HTTP  2/27/2026 9:15:56 PM ::1 GET /Vector%203.png
 HTTP  2/27/2026 9:15:56 PM ::1 Returned 304 in 4 ms
 HTTP  2/27/2026 9:15:56 PM ::1 GET /Group%2012.png
 HTTP  2/27/2026 9:15:56 PM ::1 Returned 304 in 2 ms
 HTTP  2/27/2026 9:15:56 PM ::1 GET /Group%2024.png
 HTTP  2/27/2026 9:15:56 PM ::1 GET /Group%2025.png
 HTTP  2/27/2026 9:15:56 PM ::1 Returned 304 in 4 ms
 HTTP  2/27/2026 9:15:56 PM ::1 Returned 304 in 5 ms
 HTTP  2/27/2026 9:15:56 PM ::1 GET /Group%2026.png
 HTTP  2/27/2026 9:15:56 PM ::1 Returned 304 in 2 ms
 HTTP  2/27/2026 9:25:16 PM ::1 GET /services
 HTTP  2/27/2026 9:25:16 PM ::1 Returned 304 in 3 ms
 HTTP  2/27/2026 9:25:17 PM ::1 GET /style.css
 HTTP  2/27/2026 9:25:17 PM ::1 Returned 304 in 3 ms
 HTTP  2/27/2026 9:25:17 PM ::1 GET /p.css
 HTTP  2/27/2026 9:25:17 PM ::1 Returned 304 in 1 ms
 HTTP  2/27/2026 9:25:17 PM ::1 GET /p1.css
 HTTP  2/27/2026 9:25:17 PM ::1 Returned 304 in 1 ms
 HTTP  2/27/2026 9:25:17 PM ::1 GET /Group%201.png
 HTTP  2/27/2026 9:25:17 PM ::1 Returned 304 in 1 ms
 HTTP  2/27/2026 9:25:17 PM ::1 GET /Vector%203.png
 HTTP  2/27/2026 9:25:17 PM ::1 GET /Group%2012.png
 HTTP  2/27/2026 9:25:17 PM ::1 Returned 304 in 4 ms
 HTTP  2/27/2026 9:25:17 PM ::1 Returned 304 in 4 ms
 HTTP  2/27/2026 9:25:17 PM ::1 GET /Group%2024.png
 HTTP  2/27/2026 9:25:17 PM ::1 GET /script.js
 HTTP  2/27/2026 9:25:17 PM ::1 GET /Group%2025.png
 HTTP  2/27/2026 9:25:17 PM ::1 GET /Group%2026.png
 HTTP  2/27/2026 9:25:17 PM ::1 Returned 304 in 5 ms
 HTTP  2/27/2026 9:25:17 PM ::1 Returned 304 in 5 ms
 HTTP  2/27/2026 9:25:17 PM ::1 Returned 200 in 11 ms
 HTTP  2/27/2026 9:25:17 PM ::1 Returned 304 in 12 ms
 HTTP  2/27/2026 9:25:17 PM ::1 GET /photo_2025-12-19_22-22-19.jpg
 HTTP  2/27/2026 9:25:17 PM ::1 GET /photo_2025-12-19_22-22-15.jpg
 HTTP  2/27/2026 9:25:17 PM ::1 Returned 304 in 2 ms
 HTTP  2/27/2026 9:25:17 PM ::1 GET /photo_2025-12-19_22-22-04.jpg
 HTTP  2/27/2026 9:25:17 PM ::1 Returned 304 in 2 ms
 HTTP  2/27/2026 9:25:17 PM ::1 Returned 304 in 1 ms
 HTTP  2/27/2026 9:25:55 PM ::1 GET /
 HTTP  2/27/2026 9:25:55 PM ::1 Returned 200 in 11 ms
 HTTP  2/27/2026 9:25:56 PM ::1 GET /p.css
 HTTP  2/27/2026 9:25:56 PM ::1 Returned 304 in 9 ms
 HTTP  2/27/2026 9:25:56 PM ::1 GET /p1.css
 HTTP  2/27/2026 9:25:56 PM ::1 Returned 304 in 2 ms
 HTTP  2/27/2026 9:25:56 PM ::1 GET /Group%201.png
 HTTP  2/27/2026 9:25:56 PM ::1 GET /img1.png
 HTTP  2/27/2026 9:25:56 PM ::1 GET /Group%202.png
 HTTP  2/27/2026 9:25:56 PM ::1 GET /Group%2023.png
 HTTP  2/27/2026 9:25:56 PM ::1 Returned 304 in 5 ms
 HTTP  2/27/2026 9:25:56 PM ::1 Returned 304 in 6 ms
 HTTP  2/27/2026 9:25:56 PM ::1 Returned 304 in 9 ms
 HTTP  2/27/2026 9:25:56 PM ::1 Returned 304 in 11 ms
 HTTP  2/27/2026 9:25:56 PM ::1 GET /Group%2022.png
 HTTP  2/27/2026 9:25:56 PM ::1 GET /Group%2021.png
 HTTP  2/27/2026 9:25:56 PM ::1 GET /script.js
 HTTP  2/27/2026 9:25:56 PM ::1 Returned 304 in 5 ms
 HTTP  2/27/2026 9:25:56 PM ::1 Returned 304 in 5 ms
 HTTP  2/27/2026 9:25:56 PM ::1 Returned 304 in 9 ms
 HTTP  2/27/2026 9:25:56 PM ::1 GET /Group%2020.png
 HTTP  2/27/2026 9:25:56 PM ::1 GET /Group%2011.png
 HTTP  2/27/2026 9:25:56 PM ::1 Returned 304 in 2 ms
 HTTP  2/27/2026 9:25:56 PM ::1 Returned 304 in 5 ms
 HTTP  2/27/2026 9:25:56 PM ::1 GET /Group%207.png
 HTTP  2/27/2026 9:25:56 PM ::1 Returned 304 in 1 ms
 HTTP  2/27/2026 9:25:56 PM ::1 GET /Screenshot%202025-12-04%20003314%201.png
 HTTP  2/27/2026 9:25:56 PM ::1 GET /Screenshot%202025-12-04%20004330%201.png
 HTTP  2/27/2026 9:25:56 PM ::1 GET /Vector%203.png
 HTTP  2/27/2026 9:25:56 PM ::1 Returned 304 in 2 ms
 HTTP  2/27/2026 9:25:56 PM ::1 Returned 304 in 3 ms
 HTTP  2/27/2026 9:25:56 PM ::1 Returned 304 in 5 ms
 HTTP  2/27/2026 9:25:56 PM ::1 GET /Group%2012.png
 HTTP  2/27/2026 9:25:56 PM ::1 Returned 304 in 2 ms
 HTTP  2/27/2026 9:25:56 PM ::1 GET /Screenshot%202025-12-04%20001749%201.png
 HTTP  2/27/2026 9:25:56 PM ::1 GET /Group%2024.png
 HTTP  2/27/2026 9:25:56 PM ::1 Returned 304 in 2 ms
 HTTP  2/27/2026 9:25:56 PM ::1 GET /Group%2025.png
 HTTP  2/27/2026 9:25:56 PM ::1 GET /Group%2026.png
 HTTP  2/27/2026 9:25:56 PM ::1 Returned 304 in 2 ms
 HTTP  2/27/2026 9:25:56 PM ::1 Returned 304 in 2 ms
 HTTP  2/27/2026 9:25:56 PM ::1 Returned 200 in 23 ms
 HTTP  2/27/2026 9:25:56 PM ::1 GET /Screenshot%202025-12-04%20001749%202.png
 HTTP  2/27/2026 9:25:56 PM ::1 Returned 304 in 2 ms
 HTTP  2/27/2026 9:29:39 PM ::1 GET /
 HTTP  2/27/2026 9:29:39 PM ::1 Returned 304 in 9 ms
 HTTP  2/27/2026 9:29:40 PM ::1 GET /p.css
 HTTP  2/27/2026 9:29:40 PM ::1 GET /p1.css
 HTTP  2/27/2026 9:29:40 PM ::1 Returned 304 in 1 ms
 HTTP  2/27/2026 9:29:40 PM ::1 Returned 200 in 3 ms
 HTTP  2/27/2026 9:29:40 PM ::1 GET /Group%201.png
 HTTP  2/27/2026 9:29:40 PM ::1 Returned 304 in 3 ms
 HTTP  2/27/2026 9:29:40 PM ::1 GET /img1.png
 HTTP  2/27/2026 9:29:40 PM ::1 Returned 304 in 1 ms
 HTTP  2/27/2026 9:29:40 PM ::1 GET /Group%202.png
 HTTP  2/27/2026 9:29:40 PM ::1 Returned 304 in 1 ms
 HTTP  2/27/2026 9:29:40 PM ::1 GET /Group%2023.png
 HTTP  2/27/2026 9:29:40 PM ::1 Returned 304 in 1 ms
 HTTP  2/27/2026 9:29:40 PM ::1 GET /Group%2022.png
 HTTP  2/27/2026 9:29:40 PM ::1 Returned 304 in 1 ms
 HTTP  2/27/2026 9:29:40 PM ::1 GET /Group%2021.png
 HTTP  2/27/2026 9:29:40 PM ::1 Returned 304 in 2 ms
 HTTP  2/27/2026 9:29:40 PM ::1 GET /script.js
 HTTP  2/27/2026 9:29:40 PM ::1 GET /Group%2020.png
 HTTP  2/27/2026 9:29:40 PM ::1 Returned 304 in 2 ms
 HTTP  2/27/2026 9:29:40 PM ::1 Returned 304 in 2 ms
 HTTP  2/27/2026 9:29:40 PM ::1 GET /Group%2011.png
 HTTP  2/27/2026 9:29:40 PM ::1 Returned 304 in 2 ms
 HTTP  2/27/2026 9:29:40 PM ::1 GET /Group%207.png
 HTTP  2/27/2026 9:29:40 PM ::1 Returned 304 in 1 ms
 HTTP  2/27/2026 9:29:40 PM ::1 GET /Screenshot%202025-12-04%20001749%201.png
 HTTP  2/27/2026 9:29:40 PM ::1 GET /Screenshot%202025-12-04%20001749%202.png
 HTTP  2/27/2026 9:29:40 PM ::1 Returned 304 in 2 ms
 HTTP  2/27/2026 9:29:40 PM ::1 Returned 304 in 3 ms
 HTTP  2/27/2026 9:29:40 PM ::1 GET /Screenshot%202025-12-04%20003314%201.png
 HTTP  2/27/2026 9:29:40 PM ::1 Returned 304 in 1 ms
 HTTP  2/27/2026 9:29:40 PM ::1 GET /Screenshot%202025-12-04%20004330%201.png
 HTTP  2/27/2026 9:29:40 PM ::1 Returned 304 in 2 ms
 HTTP  2/27/2026 9:29:40 PM ::1 GET /Vector%203.png
 HTTP  2/27/2026 9:29:40 PM ::1 Returned 304 in 1 ms
 HTTP  2/27/2026 9:29:40 PM ::1 GET /Group%2012.png
 HTTP  2/27/2026 9:29:40 PM ::1 GET /Group%2024.png
 HTTP  2/27/2026 9:29:40 PM ::1 Returned 304 in 1 ms
 HTTP  2/27/2026 9:29:40 PM ::1 Returned 304 in 2 ms
 HTTP  2/27/2026 9:29:40 PM ::1 GET /Group%2025.png
 HTTP  2/27/2026 9:29:40 PM ::1 Returned 304 in 1 ms
 HTTP  2/27/2026 9:29:40 PM ::1 GET /Group%2026.png
 HTTP  2/27/2026 9:29:40 PM ::1 Returned 304 in 1 ms
 HTTP  2/27/2026 9:29:57 PM ::1 GET /services
 HTTP  2/27/2026 9:29:57 PM ::1 Returned 304 in 5 ms
 HTTP  2/27/2026 9:29:58 PM ::1 GET /style.css
 HTTP  2/27/2026 9:29:58 PM ::1 GET /p.css
 HTTP  2/27/2026 9:29:58 PM ::1 Returned 304 in 2 ms
 HTTP  2/27/2026 9:29:58 PM ::1 GET /p1.css
 HTTP  2/27/2026 9:29:58 PM ::1 Returned 304 in 3 ms
 HTTP  2/27/2026 9:29:58 PM ::1 Returned 304 in 3 ms
 HTTP  2/27/2026 9:29:58 PM ::1 GET /Group%201.png
 HTTP  2/27/2026 9:29:58 PM ::1 Returned 304 in 1 ms
 HTTP  2/27/2026 9:29:58 PM ::1 GET /Vector%203.png
 HTTP  2/27/2026 9:29:58 PM ::1 GET /Group%2012.png
 HTTP  2/27/2026 9:29:58 PM ::1 Returned 304 in 3 ms
 HTTP  2/27/2026 9:29:58 PM ::1 GET /Group%2024.png
 HTTP  2/27/2026 9:29:58 PM ::1 GET /Group%2025.png
 HTTP  2/27/2026 9:29:58 PM ::1 GET /Group%2026.png
 HTTP  2/27/2026 9:29:58 PM ::1 GET /script.js
 HTTP  2/27/2026 9:29:58 PM ::1 Returned 304 in 10 ms
 HTTP  2/27/2026 9:29:58 PM ::1 Returned 304 in 7 ms
 HTTP  2/27/2026 9:29:58 PM ::1 Returned 304 in 5 ms
 HTTP  2/27/2026 9:29:58 PM ::1 Returned 304 in 5 ms
 HTTP  2/27/2026 9:29:58 PM ::1 Returned 304 in 6 ms
 HTTP  2/27/2026 9:29:58 PM ::1 GET /photo_2025-12-19_22-22-19.jpg
 HTTP  2/27/2026 9:29:58 PM ::1 Returned 304 in 1 ms
 HTTP  2/27/2026 9:29:58 PM ::1 GET /photo_2025-12-19_22-22-15.jpg
 HTTP  2/27/2026 9:29:58 PM ::1 GET /photo_2025-12-19_22-22-04.jpg
 HTTP  2/27/2026 9:29:58 PM ::1 Returned 304 in 1 ms
 HTTP  2/27/2026 9:29:58 PM ::1 Returned 304 in 2 ms
